2025-01-24 11:35:56,730 - masks.py - main_account_1 - INFO - 
Запуск приложения с тестовыми данными
2025-01-24 11:35:56,731 - masks.py - main_account_1 - INFO - 
Тест_№1
2025-01-24 11:35:56,731 - masks.py - get_mask_account - INFO - 
Получен номер счета для маскировки - ""
2025-01-24 11:35:56,731 - masks.py - get_mask_account - WARNING - Пустой ввод
2025-01-24 11:35:56,731 - masks.py - main_account_1 - INFO - 
Тест_№2
2025-01-24 11:35:56,731 - masks.py - get_mask_account - INFO - 
Получен номер счета для маскировки - "123456789123"
2025-01-24 11:35:56,731 - masks.py - get_mask_account - ERROR - 
Получены некорректные данные, так как длина введенного номера 
счета не соответствует установленным параметрам количества 
символов номера счета - 20, и составляет 12.
2025-01-24 11:35:56,732 - masks.py - main_account_1 - INFO - 
Тест_№3
2025-01-24 11:35:56,732 - masks.py - get_mask_account - INFO - 
Получен номер счета для маскировки - "12345678912345678912"
2025-01-24 11:35:56,732 - masks.py - get_mask_account - INFO - 
Успешно выполнена маскировка номера счета - **8912
2025-01-24 11:35:56,732 - masks.py - main_account_1 - INFO - 
Завершение работы приложения


2025-01-24 11:35:56,732 - masks.py - get_mask_account - INFO - 
Получен номер счета для маскировки - "12345678912345678912"
2025-01-24 11:35:56,732 - masks.py - get_mask_account - INFO - 
Успешно выполнена маскировка номера счета - **8912
2025-01-24 11:35:56,855 - masks.py - get_mask_card_number - INFO - 
Получен номер карты для маскировки - "7000792289606361"
2025-01-24 11:35:56,855 - masks.py - get_mask_card_number - INFO - 
Успешно выполнена маскировка номера карты - 7000 79** **** 6361
2025-01-24 11:35:56,858 - masks.py - get_mask_card_number - INFO - 
Получен номер карты для маскировки - ""
2025-01-24 11:35:56,858 - masks.py - get_mask_card_number - WARNING - Пустой ввод
2025-01-24 11:35:56,860 - masks.py - get_mask_card_number - INFO - 
Получен номер карты для маскировки - "7000792286361"
2025-01-24 11:35:56,860 - masks.py - get_mask_card_number - INFO - 
Успешно выполнена маскировка номера карты - 7000 79** * 6361
2025-01-24 11:35:56,862 - masks.py - get_mask_card_number - INFO - 
Получен номер карты для маскировки - "700079228996361"
2025-01-24 11:35:56,862 - masks.py - get_mask_card_number - INFO - 
Успешно выполнена маскировка номера карты - 7000 79** *** 6361
2025-01-24 11:35:56,864 - masks.py - get_mask_card_number - INFO - 
Получен номер карты для маскировки - "700079228960126361"
2025-01-24 11:35:56,864 - masks.py - get_mask_card_number - INFO - 
Успешно выполнена маскировка номера карты - 7000 79** ****** 6361
2025-01-24 11:35:56,866 - masks.py - get_mask_card_number - INFO - 
Получен номер карты для маскировки - "7000792289601236361"
2025-01-24 11:35:56,867 - masks.py - get_mask_card_number - INFO - 
Успешно выполнена маскировка номера карты - 7000 79** ******* 6361
2025-01-24 11:35:56,868 - masks.py - get_mask_account - INFO - 
Получен номер счета для маскировки - "73654108430135874305"
2025-01-24 11:35:56,869 - masks.py - get_mask_account - INFO - 
Успешно выполнена маскировка номера счета - **4305
2025-01-24 11:35:56,871 - masks.py - get_mask_account - INFO - 
Получен номер счета для маскировки - "73654108430135874305111"
2025-01-24 11:35:56,872 - masks.py - get_mask_account - ERROR - 
Получены некорректные данные, так как длина введенного номера 
счета не соответствует установленным параметрам количества 
символов номера счета - 20, и составляет 23.
2025-01-24 11:35:56,874 - masks.py - get_mask_account - INFO - 
Получен номер счета для маскировки - "73654108430"
2025-01-24 11:35:56,875 - masks.py - get_mask_account - ERROR - 
Получены некорректные данные, так как длина введенного номера 
счета не соответствует установленным параметрам количества 
символов номера счета - 20, и составляет 11.
2025-01-24 11:35:56,877 - masks.py - get_mask_account - INFO - 
Получен номер счета для маскировки - "!№;%:?*()_+)(*?:%;№!"
2025-01-24 11:35:56,877 - masks.py - get_mask_account - ERROR - 
Получены некорректные данные, так как длина введенного номера 
счета не соответствует установленным параметрам количества 
символов номера счета - 20, и составляет 20.
2025-01-24 11:35:56,879 - masks.py - get_mask_account - INFO - 
Получен номер счета для маскировки - "ВАПРОолд__еутЗД79432"
2025-01-24 11:35:56,879 - masks.py - get_mask_account - ERROR - 
Получены некорректные данные, так как длина введенного номера 
счета не соответствует установленным параметрам количества 
символов номера счета - 20, и составляет 20.
2025-01-24 11:35:56,882 - masks.py - get_mask_account - INFO - 
Получен номер счета для маскировки - ""
2025-01-24 11:35:56,882 - masks.py - get_mask_account - WARNING - Пустой ввод
2025-01-24 11:35:56,884 - masks.py - main_card_1 - INFO - 
Запуск приложения c тестовыми данными
2025-01-24 11:35:56,884 - masks.py - main_card_1 - INFO - 
Тест_№1
2025-01-24 11:35:56,884 - masks.py - get_mask_card_number - INFO - 
Получен номер карты для маскировки - ""
2025-01-24 11:35:56,885 - masks.py - get_mask_card_number - WARNING - Пустой ввод
2025-01-24 11:35:56,885 - masks.py - main_card_1 - INFO - 
Тест_№2
2025-01-24 11:35:56,885 - masks.py - get_mask_card_number - INFO - 
Получен номер карты для маскировки - "123456789"
2025-01-24 11:35:56,885 - masks.py - get_mask_card_number - ERROR - 
Получены некорректные данные, так как длина введенного номера 
карты не соответствует установленным параметрам количества 
символов номера карты (13, 15, 16, 18 и 19) и составляет 9.
2025-01-24 11:35:56,885 - masks.py - main_card_1 - INFO - 
Тест_№3
2025-01-24 11:35:56,885 - masks.py - get_mask_card_number - INFO - 
Получен номер карты для маскировки - "123456789456123789"
2025-01-24 11:35:56,886 - masks.py - get_mask_card_number - INFO - 
Успешно выполнена маскировка номера карты - 1234 56** ****** 3789
2025-01-24 11:35:56,886 - masks.py - main_card_1 - INFO - 
Завершение работы приложения


2025-01-24 11:35:56,888 - masks.py - main_account_1 - INFO - 
Запуск приложения с тестовыми данными
2025-01-24 11:35:56,889 - masks.py - main_account_1 - INFO - 
Тест_№1
2025-01-24 11:35:56,889 - masks.py - get_mask_account - INFO - 
Получен номер счета для маскировки - ""
2025-01-24 11:35:56,889 - masks.py - get_mask_account - WARNING - Пустой ввод
2025-01-24 11:35:56,889 - masks.py - main_account_1 - INFO - 
Тест_№2
2025-01-24 11:35:56,889 - masks.py - get_mask_account - INFO - 
Получен номер счета для маскировки - "123456789123"
2025-01-24 11:35:56,889 - masks.py - get_mask_account - ERROR - 
Получены некорректные данные, так как длина введенного номера 
счета не соответствует установленным параметрам количества 
символов номера счета - 20, и составляет 12.
2025-01-24 11:35:56,889 - masks.py - main_account_1 - INFO - 
Тест_№3
2025-01-24 11:35:56,890 - masks.py - get_mask_account - INFO - 
Получен номер счета для маскировки - "12345678912345678912"
2025-01-24 11:35:56,890 - masks.py - get_mask_account - INFO - 
Успешно выполнена маскировка номера счета - **8912
2025-01-24 11:35:56,890 - masks.py - main_account_1 - INFO - 
Завершение работы приложения


