2025-01-24 11:35:56,948 - utils.py - get_read_file - INFO - 
Получен путь к JSON-файлу для чтения - "builtins.open"
2025-01-24 11:35:56,949 - utils.py - get_read_file - INFO - 
Данные из JSON-формата успешно преобразованы в список словарей 
с данными о финансовых транзакциях и выведены в консоль в следующем виде:
[{'id': 441945886, 'state': 'EXECUTED', 'date': '2019-08-26T10:50:58.294041', 'operationAmount': {'amount': '31957.58', 'currency': {'name': 'руб.', 'code': 'RUB'}}, 'description': 'Перевод организации', 'from': 'Maestro 1596837868705199', 'to': 'Счет 64686473678894779589'}]
2025-01-24 11:35:56,954 - utils.py - get_read_file - INFO - 
Получен путь к JSON-файлу для чтения - "builtins.open"
2025-01-24 11:35:56,954 - utils.py - get_read_file - ERROR - 
Function 'get_read_file' error: JSONDecodeError: Expecting value: line 1 column 1 (char 0).
2025-01-24 11:35:56,960 - utils.py - get_read_file - INFO - 
Получен путь к JSON-файлу для чтения - "builtins.open"
2025-01-24 11:35:56,960 - utils.py - get_read_file - ERROR - 
Function 'get_read_file' error: JSONDecodeError: Expecting property name enclosed in double quotes: line 1 column 3 (char 2).
2025-01-24 11:35:56,966 - utils.py - get_read_file - INFO - 
Получен путь к JSON-файлу для чтения - "builtins.open"
2025-01-24 11:35:56,966 - utils.py - get_read_file - ERROR - 
Function 'get_read_file' error: JSONDecodeError: Expecting property name enclosed in double quotes: line 1 column 3 (char 2).
2025-01-24 11:35:56,970 - utils.py - get_read_file - INFO - 
Получен путь к JSON-файлу для чтения - "test.json"
2025-01-24 11:35:56,970 - utils.py - get_read_file - ERROR - 
Function 'get_read_file' error: FileNotFoundError.
2025-01-24 11:35:56,973 - utils.py - get_read_file - INFO - 
Получен путь к JSON-файлу для чтения - "test.json"
2025-01-24 11:35:56,973 - utils.py - get_read_file - ERROR - 
Function 'get_read_file' error: FileNotFoundError.
2025-01-24 11:35:56,975 - utils.py - main_read_1 - INFO - 
Запуск приложения c тестовыми данными
2025-01-24 11:35:56,975 - utils.py - main_read_1 - INFO - 
Тест_№1
2025-01-24 11:35:56,975 - utils.py - get_read_file - INFO - 
Получен путь к JSON-файлу для чтения - "../data/operations.json"
2025-01-24 11:35:56,975 - utils.py - get_read_file - ERROR - 
Function 'get_read_file' error: FileNotFoundError.
2025-01-24 11:35:56,976 - utils.py - main_read_1 - INFO - 
Завершение работы приложения

2025-01-24 11:35:56,980 - utils.py - main_read_2 - INFO - 
Запуск приложения c тестовыми данными
2025-01-24 11:35:56,981 - utils.py - main_read_2 - INFO - 
Тест_№2
2025-01-24 11:35:56,981 - utils.py - get_read_file - INFO - 
Получен путь к JSON-файлу для чтения - "./data/operations.json"
2025-01-24 11:35:56,981 - utils.py - get_read_file - INFO - 
Данные из JSON-формата успешно преобразованы в список словарей 
с данными о финансовых транзакциях и выведены в консоль в следующем виде:
[{'operationAmount': {'amount': '31957.58', 'currency': {'name': 'руб.', 'code': 'RUB'}}}]
2025-01-24 11:35:56,982 - utils.py - main_read_2 - INFO - 
Завершение работы приложения


2025-01-24 11:35:56,984 - utils.py - main_read_3 - INFO - 
Запуск приложения c тестовыми данными
2025-01-24 11:35:56,984 - utils.py - main_read_3 - INFO - 
Тест_№3
2025-01-24 11:35:56,984 - utils.py - get_read_file - INFO - 
Получен путь к JSON-файлу для чтения - "./data/operations_error.json"
2025-01-24 11:35:56,985 - utils.py - get_read_file - ERROR - 
Function 'get_read_file' error: JSONDecodeError: Expecting value: line 4 column 14 (char 40).
2025-01-24 11:35:56,985 - utils.py - main_read_3 - INFO - 
Завершение работы приложения


